// Jest Snapshot v1, https://goo.gl/fbAQLP

exports[`AsideItem should renders AsideItem unchanged 1`] = `
<div>
  <li
    class="item"
  >
    <a
      class="link"
      href="/goals/2023"
    >
      2023
    </a>
  </li>
</div>
`;
