// Jest Snapshot v1, https://goo.gl/fbAQLP

exports[`Home should renders Home unchanged 1`] = `
<div>
  <div>
    <h1>
      Test Title
    </h1>
  </div>
</div>
`;
